============================= test session starts =============================
platform win32 -- Python 3.13.5, pytest-8.4.2, pluggy-1.6.0 -- D:\selfhostedapps\luxuryuniverseV2\venv\Scripts\python.exe
cachedir: .pytest_cache
rootdir: D:\selfhostedapps\luxuryuniverseV2
configfile: pyproject.toml
plugins: anyio-4.11.0, httpx-0.35.0
collecting ... collected 17 items

tests/test_api.py::test_unauthorized_access PASSED                       [  5%]
tests/test_api.py::test_auth_callback PASSED                             [ 11%]
tests/test_api.py::test_reviewer_isolation PASSED                        [ 17%]
tests/test_api.py::test_dashboard_endpoints PASSED                       [ 23%]
tests/test_economy.py::test_add_coins_creates_transaction_and_updates_wallet[asyncio] PASSED [ 29%]
tests/test_economy.py::test_add_coins_creates_transaction_and_updates_wallet[trio] PASSED [ 35%]
tests/test_economy.py::test_get_balance_on_new_user_returns_zero PASSED  [ 41%]
tests/test_services.py::test_get_or_create_user PASSED                   [ 47%]
tests/test_services.py::test_create_submission[asyncio] PASSED           [ 52%]
tests/test_services.py::test_get_pending_queue[asyncio] PASSED           [ 58%]
tests/test_services.py::test_reviewer_isolation[asyncio] PASSED          [ 64%]
tests/test_services.py::test_advance_queue[asyncio] PASSED               [ 70%]
tests/test_services.py::test_create_submission[trio] PASSED              [ 76%]
tests/test_services.py::test_get_pending_queue[trio] PASSED              [ 82%]
tests/test_services.py::test_reviewer_isolation[trio] PASSED             [ 88%]
tests/test_services.py::test_advance_queue[trio] PASSED                  [ 94%]
tests/test_services.py::test_set_queue_status PASSED                     [100%]

============================== warnings summary ===============================
venv\Lib\site-packages\_pytest\config\__init__.py:1474
  D:\selfhostedapps\luxuryuniverseV2\venv\Lib\site-packages\_pytest\config\__init__.py:1474: PytestConfigWarning: Unknown config option: anyio_backend
  
    self._warn_or_fail_if_strict(f"Unknown config option: {key}\n")

tests/test_services.py: 14 warnings
  D:\selfhostedapps\luxuryuniverseV2\venv\Lib\site-packages\sqlalchemy\sql\schema.py:3624: DeprecationWarning: datetime.datetime.utcnow() is deprecated and scheduled for removal in a future version. Use timezone-aware objects to represent datetimes in UTC: datetime.datetime.now(datetime.UTC).
    return util.wrap_callable(lambda ctx: fn(), fn)  # type: ignore

-- Docs: https://docs.pytest.org/en/stable/how-to/capture-warnings.html
======================= 17 passed, 15 warnings in 1.52s =======================
